// Jest Snapshot v1, https://goo.gl/fbAQLP

exports[`Jest Snapshot testing suite Matches DOM Snapshot 1`] = `
<RNCSafeAreaProvider
  onInsetsChange={[Function]}
  style={
    [
      {
        "flex": 1,
      },
      undefined,
    ]
  }
>
  <View
    dataSet={{}}
    style={
      {
        "borderColor": "#e5e7eb",
        "borderRadius": 6,
        "borderWidth": 1,
        "marginBottom": 4,
        "marginLeft": 20,
        "marginRight": 20,
        "marginTop": 20,
        "width": "85%",
      }
    }
  >
    <View
      accessible={true}
      collapsable={false}
      dataSet={{}}
      focusable={true}
      onBlur={[Function]}
      onClick={[Function]}
      onFocus={[Function]}
      onResponderGrant={[Function]}
      onResponderMove={[Function]}
      onResponderRelease={[Function]}
      onResponderTerminate={[Function]}
      onResponderTerminationRequest={[Function]}
      onStartShouldSetResponder={[Function]}
      style={{}}
    >
      <View
        dataSet={{}}
        style={
          {
            "width": "100%",
          }
        }
      >
        <View
          dataSet={{}}
          style={
            {
              "paddingBottom": 12,
              "paddingLeft": 16,
              "paddingRight": 16,
              "paddingTop": 16,
            }
          }
        >
          <Text
            data-testid="title"
            dataSet={{}}
            style={
              {
                "backgroundColor": undefined,
                "color": "#171717",
                "fontFamily": undefined,
                "fontSize": 14,
                "fontStyle": "normal",
                "fontWeight": "400",
                "letterSpacing": 0,
                "lineHeight": 21,
                "textDecorationLine": undefined,
              }
            }
          >
            After Dark in Central Park
          </Text>
        </View>
        <View
          aria-orientation="horizontal"
          dataSet={{}}
          style={
            {
              "backgroundColor": "#d4d4d4",
              "height": 1,
              "width": "100%",
            }
          }
          thickness="1"
        />
        <View
          dataSet={{}}
          style={
            {
              "paddingBottom": 24,
              "paddingLeft": 16,
              "paddingRight": 16,
              "paddingTop": 24,
            }
          }
        >
          <Text
            data-testid="year"
            dataSet={{}}
            style={
              {
                "backgroundColor": undefined,
                "color": "#171717",
                "fontFamily": undefined,
                "fontSize": 14,
                "fontStyle": "normal",
                "fontWeight": "400",
                "letterSpacing": 0,
                "lineHeight": 21,
                "textDecorationLine": undefined,
              }
            }
          >
            Year Released: 
            1900
          </Text>
        </View>
      </View>
    </View>
  </View>
</RNCSafeAreaProvider>
`;
